[eth-100.com/index.html]
[backblue.gif]
[fade.gif]
[index.html]
[eth-100.com/css/style.min60c8.css]
[eth-100.com/favicon.ico]
[eth-100.com/img/svg/logoe3f5.svg]
[eth-100.com/img/png/tope3f5.png]
[eth-100.com/img/png/event01e3f5.png]
[eth-100.com/img/svg/infoe3f5.svg]
[eth-100.com/img/svg/bnbe3f5.svg]
[eth-100.com/img/svg/copye3f5.svg]
[eth-100.com/img/svg/loade3f5.svg]
[eth-100.com/img/icons/loadinge3f5.gif]
[eth-100.com/img/svg/messagee3f5.svg]
[eth-100.com/img/avatar/avatar17.jpg]
[eth-100.com/img/avatar/avatar12.jpg]
[eth-100.com/img/avatar/avatar20.jpg]
[eth-100.com/img/avatar/avatar1.jpg]
[eth-100.com/img/avatar/avatar2.jpg]
[eth-100.com/img/svg/sende3f5.svg]
[eth-100.com/img/png/bg2e3f5.png]
[eth-100.com/img/svg/decore3f5.svg]
[eth-100.com/img/png/tabs01e3f5.png]
[eth-100.com/img/png/tabs02e3f5.png]
[eth-100.com/img/svg/icon01e3f5.svg]
[eth-100.com/img/svg/icon02e3f5.svg]
[eth-100.com/img/svg/icon03e3f5.svg]
[eth-100.com/img/svg/icon04e3f5.svg]
[eth-100.com/img/png/tabs3e3f5.png]
[eth-100.com/img/png/tabs4e3f5.png]
[eth-100.com/img/png/tabs5e3f5.png]
[eth-100.com/img/png/tabs6e3f5.png]
[eth-100.com/img/svg/load2e3f5.svg]
[cdnjs.cloudflare.com/ajax/libs/socket.io/2.0.4/socket.io.js]
[cdnjs.cloudflare.com/ajax/libs/jquery/3.6.0/jquery.min.js]
[eth-100.com/index.html]
[eth-100.com/js/app.min60c8.js]
[eth-100.com/fonts/IBMPlexSans-Bold.woff2]
[eth-100.com/fonts/IBMPlexSans-Bold.woff]
[eth-100.com/fonts/IBMPlexSans-Medium.woff2]
[eth-100.com/fonts/IBMPlexSans-Medium.woff]
[eth-100.com/fonts/IBMPlexSans-SemiBold.woff2]
[eth-100.com/fonts/IBMPlexSans-SemiBold.woff]
[eth-100.com/fonts/IBMPlexSans-Regular.woff2]
[eth-100.com/fonts/IBMPlexSans-Regular.woff]
[eth-100.com/img/svg/ok.svg]
[eth-100.com/img/png/bg.png]
[eth-100.com/img/png/bg3.png]
[eth-100.com/img/png/bg.webp]
[eth-100.com/img/png/bg3.webp]
[eth-100.com/css/style.min60c8.css]
[eth-100.com/favicon.html]
[eth-100.com/img/svg/logoe3f5.svg]
[eth-100.com/img/svg/infoe3f5.svg]
[eth-100.com/img/svg/bnbe3f5.svg]
[eth-100.com/img/svg/copye3f5.svg]
[eth-100.com/img/svg/loade3f5.svg]
[eth-100.com/img/svg/messagee3f5.svg]
[eth-100.com/img/svg/sende3f5.svg]
[eth-100.com/img/svg/decore3f5.svg]
[eth-100.com/img/svg/icon01e3f5.svg]
[eth-100.com/img/svg/icon02e3f5.svg]
[eth-100.com/img/svg/icon03e3f5.svg]
[eth-100.com/img/svg/icon04e3f5.svg]
[eth-100.com/img/svg/load2e3f5.svg]
[eth-100.com/js/app.min60c8.js]
[eth-100.com/img/svg/ok.svg]
